// Jest Snapshot v1, https://goo.gl/fbAQLP

exports[`renders correctly with defaults 1`] = `
<div
  className="scoreContainer"
>
  <div>
    LEVEL: 
    4
  </div>
  <div>
    SCORE: 
    999
  </div>
</div>
`;
